[Licensing::Module] Trying to connect to existing licensing client channel...
Built from '6000.3/staging' branch; Version is '6000.3.17f1 (cf0352b38e81) revision 13566802'; Using compiler version '194234433'; Build Type 'Release'
OS: 'Windows 11  (10.0.26200) CoreCountrySpecific' Language: 'zh' Physical Memory: 16227 MB
[Licensing::IpcConnector] Channel LicenseClient-张海桃 doesn't exist
BatchMode: 1, IsHumanControllingUs: 0, StartBugReporterOnCrash: 0, Is64bit: 1
System  architecture: x64
Process architecture: x64
Date: 2026-07-19T03:18:37Z
[Licensing::Module] Successfully launched the LicensingClient (PId: 15564)

COMMAND LINE ARGUMENTS:
D:\Unity Hub\Editor\Unity.exe
-batchmode
-projectPath
D:\MyGame\Path_of_Ten_Thousand_Ways\UNITY
-executeMethod
PathOfTenThousandWays.Demo.EditorTools.DemoPostBattleScreenshotTool.CaptureOpeningBattle
-logFile
D:\MyGame\Path_of_Ten_Thousand_Ways\tmp\unity_opening_battle_story_package_capture_v2.log
Successfully changed project path to: D:\MyGame\Path_of_Ten_Thousand_Ways\UNITY
D:/MyGame/Path_of_Ten_Thousand_Ways/UNITY
[UnityMemory] Configuration Parameters - Can be set up in boot.config
    "memorysetup-temp-allocator-size-nav-mesh-worker=65536"
    "memorysetup-temp-allocator-size-audio-worker=65536"
    "memorysetup-temp-allocator-size-gfx=262144"
    "memorysetup-allocator-temp-initial-block-size-main=262144"
    "memorysetup-allocator-temp-initial-block-size-worker=262144"
    "memorysetup-temp-allocator-size-background-worker=32768"
    "memorysetup-temp-allocator-size-job-worker=262144"
    "memorysetup-temp-allocator-size-preload-manager=33554432"
    "memorysetup-temp-allocator-size-gi-baking-worker=262144"
    "memorysetup-temp-allocator-size-gi-baking-worker=262144"
    "memorysetup-temp-allocator-size-gi-baking-worker=262144"
    "memorysetup-temp-allocator-size-gi-baking-worker=262144"
    "memorysetup-temp-allocator-size-gi-baking-worker=262144"
    "memorysetup-bucket-allocator-granularity=16"
    "memorysetup-bucket-allocator-bucket-count=8"
    "memorysetup-bucket-allocator-block-size=33554432"
    "memorysetup-bucket-allocator-block-count=8"
    "memorysetup-main-allocator-block-size=16777216"
    "memorysetup-thread-allocator-block-size=16777216"
    "memorysetup-gfx-main-allocator-block-size=16777216"
    "memorysetup-gfx-thread-allocator-block-size=16777216"
    "memorysetup-cache-allocator-block-size=4194304"
    "memorysetup-typetree-allocator-block-size=2097152"
    "memorysetup-profiler-bucket-allocator-granularity=16"
    "memorysetup-profiler-bucket-allocator-bucket-count=8"
    "memorysetup-profiler-bucket-allocator-block-size=33554432"
    "memorysetup-profiler-bucket-allocator-block-count=8"
    "memorysetup-profiler-allocator-block-size=16777216"
    "memorysetup-profiler-editor-allocator-block-size=1048576"
    "memorysetup-temp-allocator-size-main=16777216"
    "memorysetup-job-temp-allocator-block-size=2097152"
    "memorysetup-job-temp-allocator-block-size-background=1048576"
    "memorysetup-job-temp-allocator-reduction-small-platforms=262144"
    "memorysetup-temp-allocator-size-cloud-worker=32768"
Player connection [4764]  Target information:

Player connection [4764]  * "[IP] 192.168.1.2 [Port] 55504 [Flags] 2 [Guid] 3707476864 [EditorId] 3707476864 [Version] 1048832 [Id] WindowsEditor(7,MSI) [Debug] 1 [PackageName] WindowsEditor [ProjectName] Editor" 

Player connection [4764] Host joined multi-casting on [225.0.0.222:54997]...
Player connection [4764] Host joined alternative multi-casting on [225.0.0.222:34997]...
Input System module state changed to: Initialized.
[Physics::Module] Initialized fallback backend.
[Physics::Module] Id: 0xdecafbad
[Package Manager] Connected to IPC stream "Upm-19532" after 0.8 seconds.
[Licensing::Module] Licensing is not yet initialized.
[Licensing::IpcConnector] Successfully connected to: "LicenseClient-张海桃" at "2026-07-19T03:18:39.2148023Z"
[Licensing::Client] Code 10 while verifying Licensing Client signature (process Id: 15564, path: "D:/Unity Hub/Editor/Data/Resources/Licensing/Client/Unity.Licensing.Client.exe")
[Licensing::Module] LicensingClient has failed validation; ignoring
[Licensing::Client] Handshaking with LicensingClient:
  Version:                 1.18.1+9fbee8e
  Session Id:              c921d3982ed747639b6477371d4df9df
  Correlation Id:          7f366836e1ac5564e6ab2e4d3924a38f
  External correlation Id: 1477301070931799915
  Machine Id:              B0U8yf2hWd9+tEz6yaV3sSlcK3A=
[Licensing::Module] Successfully connected to LicensingClient on channel: "LicenseClient-张海桃" (connect: 1.30s, validation: 0.19s, handshake: 0.14s)
[Licensing::IpcConnector] Successfully connected to: "LicenseClient-张海桃-notifications" at "2026-07-19T03:18:39.548923Z"
[Licensing::Module] Connected to LicensingClient (PId: 15564, launch time: 0.01, total connection time: 1.63s)
[Licensing::Module] Error: Access token is unavailable; failed to update
[Licensing::Client] Successfully resolved entitlement details
[Licensing::Module] License group:
  Id: ewogICJzdWJzR3JvdXAiIDogInVuaXR5IGVkaXRvciIsCiAgIm5hbWVzcGFjZSIgOiAidW5pdHlfZWRpdG9yIiwKICAidHlwZSIgOiAiRURJVE9SIiwKICAidGFnIiA6ICJVbml0eVBlcnNvbmFsXXXX
  Product: Unity Personal Version
  Type: Assigned
  Expiration: Unlimited
[Licensing::Client] Successfully updated license, isAsync: True, time: 0.02
[Licensing::Client] Successfully resolved entitlement details
[Licensing::Module] Licensing Background thread has ended after 1.74s
[Licensing::Module] Licensing is initialized (took 0.59s).
[Licensing::Client] Successfully resolved entitlement details
Library Redirect Path: Library/
[Physics::Module] Selected backend.
[Physics::Module] Name: PhysX
[Physics::Module] Id: 0xf2b8ea05
[Physics::Module] SDK Version: 4.1.2
[Physics::Module] Integration Version: 1.0.0
[Physics::Module] Threading Mode: Multi-Threaded
Artifact Garbage Collection - Removed 3 unused hashed content files
Refreshing native plugins compatible for Editor in 0.10 ms, found 0 plugins.
Preloading 0 native plugins for Editor in 0.00 ms.
Initialize engine version: 6000.3.17f1 (cf0352b38e81)
[Subsystems] Discovering subsystems at path D:/Unity Hub/Editor/Data/Resources/UnitySubsystems
[Subsystems] Discovering subsystems at path D:/MyGame/Path_of_Ten_Thousand_Ways/UNITY/Assets
GfxDevice: creating device client; kGfxThreadingModeNonThreaded
Direct3D:
    Version:  Direct3D 11.0 [level 11.1]
    Renderer: NVIDIA GeForce GTX 1660 Ti (ID=0x2191)
    Vendor:   NVIDIA
    VRAM:     5966 MB
    Driver:   32.0.15.8115
Initialize mono
Mono path[0] = 'D:/Unity Hub/Editor/Data/Managed'
Mono path[1] = 'D:/Unity Hub/Editor/Data/MonoBleedingEdge/lib/mono/unityjit-win32'
Mono config path = 'D:/Unity Hub/Editor/Data/MonoBleedingEdge/etc'
Using monoOptions --debugger-agent=transport=dt_socket,embedding=1,server=y,suspend=n,address=127.0.0.1:56532
Using cacheserver namespaces - metadata:defaultmetadata, artifacts:defaultartifacts
Using cacheserver namespaces - metadata:defaultmetadata, artifacts:defaultartifacts
ImportWorker Server TCP listen port: 0
AcceleratorClientConnectionCallback - disconnected - :0
Begin MonoManager ReloadAssembly
Registering precompiled unity dll's ...
Register platform support module: D:/Unity Hub/Editor/Data/PlaybackEngines/WindowsStandaloneSupport/UnityEditor.WindowsStandalone.Extensions.dll
Registered in 0.002567 seconds.
- Loaded All Assemblies, in  1.073 seconds
Native extension for WindowsStandalone target not found
Package Manager log level set to [2]
ScheduleIndexationOnStartup MainProcess:False IndexOnStartup:True
Mono: successfully reloaded assembly
- Finished resetting the current domain, in  0.627 seconds
Domain Reload Profiling: 1699ms
	BeginReloadAssembly (375ms)
		ExecutionOrderSort (0ms)
		DisableScriptedObjects (0ms)
		BackupInstance (0ms)
		ReleaseScriptingObjects (0ms)
		CreateAndSetChildDomain (20ms)
	RebuildCommonClasses (79ms)
	RebuildNativeTypeToScriptingClass (27ms)
	initialDomainReloadingComplete (87ms)
	LoadAllAssembliesAndSetupDomain (504ms)
		LoadAssemblies (354ms)
		RebuildTransferFunctionScriptingTraits (0ms)
		AnalyzeDomain (499ms)
			TypeCache.Refresh (495ms)
				TypeCache.ScanAssembly (461ms)
			BuildScriptInfoCaches (0ms)
			ResolveRequiredComponents (1ms)
	FinalizeReload (628ms)
		ReleaseScriptCaches (0ms)
		RebuildScriptCaches (0ms)
		SetupLoadedEditorAssemblies (560ms)
			LogAssemblyErrors (0ms)
			InitializePlatformSupportModulesInManaged (74ms)
			SetLoadedEditorAssemblies (5ms)
			BeforeProcessingInitializeOnLoad (150ms)
			ProcessInitializeOnLoadAttributes (206ms)
			ProcessInitializeOnLoadMethodAttributes (125ms)
			AfterProcessingInitializeOnLoad (0ms)
			EditorAssembliesLoaded (0ms)
		ExecutionOrderSort2 (0ms)
		AwakeInstancesAfterBackupRestoration (0ms)
[Licensing::Client] Successfully resolved entitlement details
Application.AssetDatabase Initial Refresh Start
[Package Manager] Restoring resolved packages state from cache
[Licensing::Client] Successfully resolved entitlement details
[Package Manager] Registered 12 packages:
  Packages from [https://packages.unity.com]:
    com.unity.inputsystem@1.14.0 (location: D:\MyGame\Path_of_Ten_Thousand_Ways\UNITY\Library\PackageCache\com.unity.inputsystem@7fe8299111a7)
  Built-in packages:
    com.unity.ugui@2.0.0 (location: D:\MyGame\Path_of_Ten_Thousand_Ways\UNITY\Library\PackageCache\com.unity.ugui@05e8dec4ac02)
    com.unity.modules.adaptiveperformance@1.0.0 (location: D:\MyGame\Path_of_Ten_Thousand_Ways\UNITY\Library\PackageCache\com.unity.modules.adaptiveperformance)
    com.unity.modules.vectorgraphics@1.0.0 (location: D:\MyGame\Path_of_Ten_Thousand_Ways\UNITY\Library\PackageCache\com.unity.modules.vectorgraphics)
    com.unity.modules.uielements@1.0.0 (location: D:\MyGame\Path_of_Ten_Thousand_Ways\UNITY\Library\PackageCache\com.unity.modules.uielements)
    com.unity.modules.imageconversion@1.0.0 (location: D:\MyGame\Path_of_Ten_Thousand_Ways\UNITY\Library\PackageCache\com.unity.modules.imageconversion)
    com.unity.modules.imgui@1.0.0 (location: D:\MyGame\Path_of_Ten_Thousand_Ways\UNITY\Library\PackageCache\com.unity.modules.imgui)
    com.unity.modules.subsystems@1.0.0 (location: D:\MyGame\Path_of_Ten_Thousand_Ways\UNITY\Library\PackageCache\com.unity.modules.subsystems)
    com.unity.modules.ui@1.0.0 (location: D:\MyGame\Path_of_Ten_Thousand_Ways\UNITY\Library\PackageCache\com.unity.modules.ui)
    com.unity.modules.jsonserialize@1.0.0 (location: D:\MyGame\Path_of_Ten_Thousand_Ways\UNITY\Library\PackageCache\com.unity.modules.jsonserialize)
    com.unity.modules.hierarchycore@1.0.0 (location: D:\MyGame\Path_of_Ten_Thousand_Ways\UNITY\Library\PackageCache\com.unity.modules.hierarchycore)
    com.unity.modules.physics@1.0.0 (location: D:\MyGame\Path_of_Ten_Thousand_Ways\UNITY\Library\PackageCache\com.unity.modules.physics)
[Subsystems] No new subsystems found in resolved package list.
[Package Manager] Done registering packages in 0.01 seconds
[ScriptCompilation] Requested script compilation because: Assetdatabase observed changes in script compilation related files
Starting: D:\Unity Hub\Editor\Data\Tools\BuildPipeline\bee_backend.exe --ipc --defer-dag-verification --dagfile="Library/Bee/1900b0aE.dag" --continue-on-failure --profile="Library/Bee/backend1.traceevents" ScriptAssemblies
WorkingDir: D:/MyGame/Path_of_Ten_Thousand_Ways/UNITY
DisplayProgressbar: Compiling Scripts
ExitCode: 0 Duration: 0s781ms
[232/235    0s] Csc Library/Bee/artifacts/1900b0aE.dag/Assembly-CSharp-Editor.dll (+2 others)
[233/235    0s] CopyFiles Library/ScriptAssemblies/Assembly-CSharp-Editor.pdb
[234/235    0s] CopyFiles Library/ScriptAssemblies/Assembly-CSharp-Editor.dll
*** Tundra build success (0.72 seconds), 3 items updated, 235 evaluated
AssetDatabase: script compilation time: 2.222903s
Begin MonoManager ReloadAssembly
- Loaded All Assemblies, in  2.078 seconds
Refreshing native plugins compatible for Editor in 0.56 ms, found 0 plugins.
Native extension for WindowsStandalone target not found
ScheduleIndexationOnStartup MainProcess:True IndexOnStartup:True
Mono: successfully reloaded assembly
- Finished resetting the current domain, in  1.038 seconds
Domain Reload Profiling: 3116ms
	BeginReloadAssembly (609ms)
		ExecutionOrderSort (0ms)
		DisableScriptedObjects (53ms)
		BackupInstance (0ms)
		ReleaseScriptingObjects (0ms)
		CreateAndSetChildDomain (155ms)
	RebuildCommonClasses (101ms)
	RebuildNativeTypeToScriptingClass (33ms)
	initialDomainReloadingComplete (34ms)
	LoadAllAssembliesAndSetupDomain (1299ms)
		LoadAssemblies (1538ms)
		RebuildTransferFunctionScriptingTraits (0ms)
		AnalyzeDomain (62ms)
			TypeCache.Refresh (42ms)
				TypeCache.ScanAssembly (32ms)
			BuildScriptInfoCaches (9ms)
			ResolveRequiredComponents (6ms)
	FinalizeReload (1039ms)
		ReleaseScriptCaches (0ms)
		RebuildScriptCaches (0ms)
		SetupLoadedEditorAssemblies (711ms)
			LogAssemblyErrors (0ms)
			InitializePlatformSupportModulesInManaged (54ms)
			SetLoadedEditorAssemblies (7ms)
			BeforeProcessingInitializeOnLoad (273ms)
			ProcessInitializeOnLoadAttributes (316ms)
			ProcessInitializeOnLoadMethodAttributes (58ms)
			AfterProcessingInitializeOnLoad (3ms)
			EditorAssembliesLoaded (0ms)
		ExecutionOrderSort2 (0ms)
		AwakeInstancesAfterBackupRestoration (40ms)
Start importing Assets/Data/CSV/journey_vessels.csv using Guid(5054235953705c945889b9e391e44114) (TextScriptImporter) -> (artifact id: '5fc0de6592d74640ba9cafbfbfff8866') in 0.0265571 seconds
Start importing Assets/Data/CSV/card_pools.csv using Guid(47241bfee902b5a41af8b55cdd119873) (TextScriptImporter) -> (artifact id: '1c1ea47be6e58b821efaf6a973717369') in 0.0152699 seconds
Start importing Assets/Data/JSON/game_config.json using Guid(f70010800c40d7946b593ddf9952afb8) (TextScriptImporter) -> (artifact id: 'af8a44fbc7d549993f10459dd56a291e') in 0.0032343 seconds
Start importing Assets/Data/CSV/cards.csv using Guid(89301f4c48fd640468fdd1ec6951d601) (TextScriptImporter) -> (artifact id: 'd375dd548c4e6619246b13a5b11786ec') in 0.0169056 seconds
Refreshing native plugins compatible for Editor in 0.52 ms, found 0 plugins.
Preloading 0 native plugins for Editor in 0.00 ms.
Asset Pipeline Refresh (id=d5c19fb667d32c24680c4533104ba516): Total: 5.900 seconds - Initiated by InitialRefreshV2(ForceSynchronousImport)
	Summary:
		Imports: total=4 (actual=4, local cache=0, cache server=0)
		Asset DB Process Time: managed=3 ms, native=1387 ms
		Asset DB Callback time: managed=166 ms, native=21 ms
		Scripting: domain reloads=1, domain reload time=2078 ms, compile time=2226 ms, other=16 ms
		Project Asset Count: scripts=226, non-scripts=439
		Asset File Changes: new=0, changed=1, moved=0, deleted=0
		Scan Filter Count: 0
	InvokeCustomDependenciesCallbacks: 0.001ms
	InvokePackagesCallback: 20.366ms
	ApplyChangesToAssetFolders: 0.734ms
	Scan: 82.608ms
	OnSourceAssetsModified: 1.579ms
	CategorizeAssetsWithTransientArtifact: 7.836ms
	ProcessAssetsWithTransientArtifactChanges: 31.320ms
	CategorizeAssets: 10.341ms
	ImportOutOfDateAssets: 1108.914ms (-1183.914ms without children)
		ImportManagerImport: 65.661ms (2.082ms without children)
			ImportInProcess: 63.493ms
			UpdateCategorizedAssets: 0.086ms
		CompileScripts: 2226.189ms
		ReloadNativeAssets: 0.001ms
		UnloadImportedAssets: 0.276ms
		ReloadImportedAssets: 0.001ms
		EnsureUptoDateAssetsAreRegisteredWithGuidPM: 0.240ms
		InitializingProgressBar: 0.008ms
		PostProcessAllAssetNotificationsAddChangedAssets: 0.001ms
		OnDemandSchedulerStart: 0.452ms
	PostProcessAllAssets: 168.149ms
	Hotreload: 2.113ms
	GatherAllCurrentPrimaryArtifactRevisions: 0.006ms
	UnloadStreamsBegin: 3.089ms
	PersistCurrentRevisions: 0.142ms
	UnloadStreamsEnd: 0.001ms
	GenerateScriptTypeHashes: 2.340ms
	Untracked: 4462.702ms

Application.AssetDatabase Initial Refresh End
Launched and connected shader compiler UnityShaderCompiler.exe after 0.05 seconds
Scanning for USB devices : 3.226ms
Initializing Unity extensions:
[MODES] ModeService[none].Initialize
[MODES] ModeService[none].LoadModes
[MODES] Loading mode Default (0) for mode-current-id-UNITY
Unloading 3 Unused Serialized files (Serialized files now loaded: 0)
Unloading 814 unused Assets / (0.7 MB). Loaded Objects now: 1447.
Memory consumption went from 99.7 MB to 99.0 MB.
Total: 7.788300 ms (FindLiveObjects: 0.187700 ms CreateObjectMapping: 0.091100 ms MarkObjects: 6.934600 ms  DeleteObjects: 0.573600 ms)

[Project] Loading completed in 11.034 seconds
	Project init time: 				10.568 seconds
		Template init time: 		0.000 seconds
		Package Manager init time: 		1.439 seconds
		Asset Database init time: 		0.391 seconds
		Global illumination init time: 	0.005 seconds
		Assemblies load time: 			1.725 seconds
		Unity extensions init time: 	0.003 seconds
		Asset Database refresh time: 	5.900 seconds
	Scene opening time: 			0.197 seconds
##utp:{"type":"ProjectInfo","version":2,"phase":"Immediate","time":1784431128907,"processId":19532,"projectLoad":11.0344702,"projectInit":10.5677615,"templateInit":0.0,"packageManagerInit":1.4387256,"assetDatabaseInit":0.391177,"globalIlluminationInit":0.0045792,"assembliesLoad":1.7251868,"unityExtensionsInit":0.0026011,"assetDatabaseRefresh":5.9001198,"sceneOpening":0.1966926}
##utp:{"type":"EditorInfo","version":2,"phase":"Immediate","time":1784431128907,"processId":19532,"editorVersion":"6000.3.17f1 (cf0352b38e81)","branch":"6000.3/staging","buildType":"Release","platform":"Windows"}
Reloading assemblies for play mode.
Reloading assemblies after forced synchronous recompile.
Begin MonoManager ReloadAssembly
- Loaded All Assemblies, in  0.650 seconds
Refreshing native plugins compatible for Editor in 0.51 ms, found 0 plugins.
Native extension for WindowsStandalone target not found
ScheduleIndexationOnStartup MainProcess:True IndexOnStartup:True
Mono: successfully reloaded assembly
- Finished resetting the current domain, in  1.153 seconds
Domain Reload Profiling: 1800ms
	BeginReloadAssembly (398ms)
		ExecutionOrderSort (0ms)
		DisableScriptedObjects (42ms)
		BackupInstance (0ms)
		ReleaseScriptingObjects (0ms)
		CreateAndSetChildDomain (68ms)
	RebuildCommonClasses (81ms)
	RebuildNativeTypeToScriptingClass (29ms)
	initialDomainReloadingComplete (61ms)
	LoadAllAssembliesAndSetupDomain (78ms)
		LoadAssemblies (262ms)
		RebuildTransferFunctionScriptingTraits (0ms)
		AnalyzeDomain (57ms)
			TypeCache.Refresh (7ms)
				TypeCache.ScanAssembly (0ms)
			BuildScriptInfoCaches (38ms)
			ResolveRequiredComponents (6ms)
	FinalizeReload (1154ms)
		ReleaseScriptCaches (0ms)
		RebuildScriptCaches (0ms)
		SetupLoadedEditorAssemblies (728ms)
			LogAssemblyErrors (0ms)
			InitializePlatformSupportModulesInManaged (47ms)
			SetLoadedEditorAssemblies (4ms)
			BeforeProcessingInitializeOnLoad (270ms)
			ProcessInitializeOnLoadAttributes (340ms)
			ProcessInitializeOnLoadMethodAttributes (62ms)
			AfterProcessingInitializeOnLoad (4ms)
			EditorAssembliesLoaded (0ms)
		ExecutionOrderSort2 (0ms)
		AwakeInstancesAfterBackupRestoration (37ms)
Asset Pipeline Refresh (id=23664d5026cdd764c8dc30d370e6c24f): Total: 1.898 seconds - Initiated by StopAssetImportingV2(ForceSynchronousImport | ForceDomainReload)
	Summary:
		Imports: total=0 (actual=0, local cache=0, cache server=0)
		Asset DB Process Time: managed=0 ms, native=1216 ms
		Asset DB Callback time: managed=22 ms, native=0 ms
		Scripting: domain reloads=1, domain reload time=655 ms, compile time=2 ms, other=0 ms
		Project Asset Count: scripts=226, non-scripts=439
		Asset File Changes: new=0, changed=0, moved=0, deleted=0
		Scan Filter Count: 0
	InvokeCustomDependenciesCallbacks: 0.001ms
	InvokePackagesCallback: 3.831ms
	ApplyChangesToAssetFolders: 0.145ms
	Scan: 0.001ms
	OnSourceAssetsModified: 0.001ms
	CategorizeAssetsWithTransientArtifact: 0.003ms
	ProcessAssetsWithTransientArtifactChanges: 0.753ms
	CategorizeAssets: 7.840ms
	ImportOutOfDateAssets: 1155.988ms (1153.040ms without children)
		CompileScripts: 2.370ms
		CollectScriptTypesHashes: 0.001ms
		ReloadNativeAssets: 0.000ms
		UnloadImportedAssets: 0.110ms
		EnsureUptoDateAssetsAreRegisteredWithGuidPM: 0.183ms
		InitializingProgressBar: 0.001ms
		PostProcessAllAssetNotificationsAddChangedAssets: 0.000ms
		OnDemandSchedulerStart: 0.283ms
	PostProcessAllAssets: 22.825ms
	GatherAllCurrentPrimaryArtifactRevisions: 0.040ms
	UnloadStreamsBegin: 0.076ms
	PersistCurrentRevisions: 0.030ms
	UnloadStreamsEnd: 0.001ms
	GenerateScriptTypeHashes: 1.779ms
	Untracked: 706.253ms

Loaded scene 'Temp/__Backupscenes/0.backup'
	Deserialize:            0.413 ms
	Integration:            1962.516 ms
	Integration of assets:  0.002 ms
	Thread Wait Time:       0.011 ms
	Total Operation Time:   1962.942 ms
[MODES] ModeService[none].Initialize
[MODES] ModeService[none].LoadModes
Start Indexing on Editor startup
[Indexing] Starting Initial Indexing for Assets
Created GICache directory at C:/Users/张海桃/AppData/LocalLow/Unity/Caches/GiCache. Took: 0.050s, timestamps: [15.155 - 15.205]
[Licensing::Client] Successfully resolved entitlement details
Capture pixel check battle_opening_intro_commercial.png: upper variance=4500.72, coverage=94.7%; middle variance=2093.95, coverage=99.8%; lower variance=1917.66, coverage=100.0%.
UnityEngine.Debug:ExtractStackTraceNoAlloc (byte*,int,string)
UnityEngine.StackTraceUtility:ExtractStackTrace ()
UnityEngine.DebugLogHandler:Internal_Log (UnityEngine.LogType,UnityEngine.LogOption,string,UnityEngine.Object)
UnityEngine.DebugLogHandler:LogFormat (UnityEngine.LogType,UnityEngine.Object,string,object[])
PathOfTenThousandWays.Editor.DisableUnityConnectOnLoad/UnityConnectTokenExchangeLogFilter:LogFormat (UnityEngine.LogType,UnityEngine.Object,string,object[]) (at Assets/Editor/DisableUnityConnectOnLoad.cs:430)
UnityEngine.Logger:Log (UnityEngine.LogType,object)
UnityEngine.Debug:Log (object)
PathOfTenThousandWays.Demo.EditorTools.DemoPostBattleScreenshotTool/CaptureSession:ValidatePixels (UnityEngine.Texture2D) (at Assets/Editor/DemoPostBattleScreenshotTool.cs:1218)
PathOfTenThousandWays.Demo.EditorTools.DemoPostBattleScreenshotTool/CaptureSession:Capture () (at Assets/Editor/DemoPostBattleScreenshotTool.cs:1161)
PathOfTenThousandWays.Demo.EditorTools.DemoPostBattleScreenshotTool/CaptureSession:Tick () (at Assets/Editor/DemoPostBattleScreenshotTool.cs:1061)
PathOfTenThousandWays.Demo.EditorTools.DemoPostBattleScreenshotTool:UpdateCapture () (at Assets/Editor/DemoPostBattleScreenshotTool.cs:88)
UnityEditor.EditorApplication:Internal_CallUpdateFunctions ()

(Filename: Assets/Editor/DemoPostBattleScreenshotTool.cs Line: 1218)

Captured commercial UI screenshot: D:\MyGame\Path_of_Ten_Thousand_Ways\tmp\battle_opening_intro_commercial.png
UnityEngine.Debug:ExtractStackTraceNoAlloc (byte*,int,string)
UnityEngine.StackTraceUtility:ExtractStackTrace ()
UnityEngine.DebugLogHandler:Internal_Log (UnityEngine.LogType,UnityEngine.LogOption,string,UnityEngine.Object)
UnityEngine.DebugLogHandler:LogFormat (UnityEngine.LogType,UnityEngine.Object,string,object[])
PathOfTenThousandWays.Editor.DisableUnityConnectOnLoad/UnityConnectTokenExchangeLogFilter:LogFormat (UnityEngine.LogType,UnityEngine.Object,string,object[]) (at Assets/Editor/DisableUnityConnectOnLoad.cs:430)
UnityEngine.Logger:Log (UnityEngine.LogType,object)
UnityEngine.Debug:Log (object)
PathOfTenThousandWays.Demo.EditorTools.DemoPostBattleScreenshotTool/CaptureSession:Tick () (at Assets/Editor/DemoPostBattleScreenshotTool.cs:1066)
PathOfTenThousandWays.Demo.EditorTools.DemoPostBattleScreenshotTool:UpdateCapture () (at Assets/Editor/DemoPostBattleScreenshotTool.cs:88)
UnityEditor.EditorApplication:Internal_CallUpdateFunctions ()

(Filename: Assets/Editor/DemoPostBattleScreenshotTool.cs Line: 1066)

Capture pixel check battle_opening_running_commercial.png: upper variance=5278.09, coverage=96.2%; middle variance=2805.02, coverage=99.7%; lower variance=1951.84, coverage=100.0%.
UnityEngine.Debug:ExtractStackTraceNoAlloc (byte*,int,string)
UnityEngine.StackTraceUtility:ExtractStackTrace ()
UnityEngine.DebugLogHandler:Internal_Log (UnityEngine.LogType,UnityEngine.LogOption,string,UnityEngine.Object)
UnityEngine.DebugLogHandler:LogFormat (UnityEngine.LogType,UnityEngine.Object,string,object[])
PathOfTenThousandWays.Editor.DisableUnityConnectOnLoad/UnityConnectTokenExchangeLogFilter:LogFormat (UnityEngine.LogType,UnityEngine.Object,string,object[]) (at Assets/Editor/DisableUnityConnectOnLoad.cs:430)
UnityEngine.Logger:Log (UnityEngine.LogType,object)
UnityEngine.Debug:Log (object)
PathOfTenThousandWays.Demo.EditorTools.DemoPostBattleScreenshotTool/CaptureSession:ValidatePixels (UnityEngine.Texture2D) (at Assets/Editor/DemoPostBattleScreenshotTool.cs:1218)
PathOfTenThousandWays.Demo.EditorTools.DemoPostBattleScreenshotTool/CaptureSession:Capture () (at Assets/Editor/DemoPostBattleScreenshotTool.cs:1161)
PathOfTenThousandWays.Demo.EditorTools.DemoPostBattleScreenshotTool/CaptureSession:Tick () (at Assets/Editor/DemoPostBattleScreenshotTool.cs:1061)
PathOfTenThousandWays.Demo.EditorTools.DemoPostBattleScreenshotTool:UpdateCapture () (at Assets/Editor/DemoPostBattleScreenshotTool.cs:88)
UnityEditor.EditorApplication:Internal_CallUpdateFunctions ()

(Filename: Assets/Editor/DemoPostBattleScreenshotTool.cs Line: 1218)

Scanning for USB devices : 2.466ms
Captured commercial UI screenshot: D:\MyGame\Path_of_Ten_Thousand_Ways\tmp\battle_opening_running_commercial.png
UnityEngine.Debug:ExtractStackTraceNoAlloc (byte*,int,string)
UnityEngine.StackTraceUtility:ExtractStackTrace ()
UnityEngine.DebugLogHandler:Internal_Log (UnityEngine.LogType,UnityEngine.LogOption,string,UnityEngine.Object)
UnityEngine.DebugLogHandler:LogFormat (UnityEngine.LogType,UnityEngine.Object,string,object[])
PathOfTenThousandWays.Editor.DisableUnityConnectOnLoad/UnityConnectTokenExchangeLogFilter:LogFormat (UnityEngine.LogType,UnityEngine.Object,string,object[]) (at Assets/Editor/DisableUnityConnectOnLoad.cs:430)
UnityEngine.Logger:Log (UnityEngine.LogType,object)
UnityEngine.Debug:Log (object)
PathOfTenThousandWays.Demo.EditorTools.DemoPostBattleScreenshotTool/CaptureSession:Tick () (at Assets/Editor/DemoPostBattleScreenshotTool.cs:1066)
PathOfTenThousandWays.Demo.EditorTools.DemoPostBattleScreenshotTool:UpdateCapture () (at Assets/Editor/DemoPostBattleScreenshotTool.cs:88)
UnityEditor.EditorApplication:Internal_CallUpdateFunctions ()

(Filename: Assets/Editor/DemoPostBattleScreenshotTool.cs Line: 1066)

Capture pixel check battle_opening_running_commercial_1280x720.png: upper variance=5228.77, coverage=96.2%; middle variance=2795.44, coverage=99.8%; lower variance=1921.58, coverage=100.0%.
UnityEngine.Debug:ExtractStackTraceNoAlloc (byte*,int,string)
UnityEngine.StackTraceUtility:ExtractStackTrace ()
UnityEngine.DebugLogHandler:Internal_Log (UnityEngine.LogType,UnityEngine.LogOption,string,UnityEngine.Object)
UnityEngine.DebugLogHandler:LogFormat (UnityEngine.LogType,UnityEngine.Object,string,object[])
PathOfTenThousandWays.Editor.DisableUnityConnectOnLoad/UnityConnectTokenExchangeLogFilter:LogFormat (UnityEngine.LogType,UnityEngine.Object,string,object[]) (at Assets/Editor/DisableUnityConnectOnLoad.cs:430)
UnityEngine.Logger:Log (UnityEngine.LogType,object)
UnityEngine.Debug:Log (object)
PathOfTenThousandWays.Demo.EditorTools.DemoPostBattleScreenshotTool/CaptureSession:ValidatePixels (UnityEngine.Texture2D) (at Assets/Editor/DemoPostBattleScreenshotTool.cs:1218)
PathOfTenThousandWays.Demo.EditorTools.DemoPostBattleScreenshotTool/CaptureSession:Capture () (at Assets/Editor/DemoPostBattleScreenshotTool.cs:1161)
PathOfTenThousandWays.Demo.EditorTools.DemoPostBattleScreenshotTool/CaptureSession:Tick () (at Assets/Editor/DemoPostBattleScreenshotTool.cs:1061)
PathOfTenThousandWays.Demo.EditorTools.DemoPostBattleScreenshotTool:UpdateCapture () (at Assets/Editor/DemoPostBattleScreenshotTool.cs:88)
UnityEditor.EditorApplication:Internal_CallUpdateFunctions ()

(Filename: Assets/Editor/DemoPostBattleScreenshotTool.cs Line: 1218)

Captured commercial UI screenshot: D:\MyGame\Path_of_Ten_Thousand_Ways\tmp\battle_opening_running_commercial_1280x720.png
UnityEngine.Debug:ExtractStackTraceNoAlloc (byte*,int,string)
UnityEngine.StackTraceUtility:ExtractStackTrace ()
UnityEngine.DebugLogHandler:Internal_Log (UnityEngine.LogType,UnityEngine.LogOption,string,UnityEngine.Object)
UnityEngine.DebugLogHandler:LogFormat (UnityEngine.LogType,UnityEngine.Object,string,object[])
PathOfTenThousandWays.Editor.DisableUnityConnectOnLoad/UnityConnectTokenExchangeLogFilter:LogFormat (UnityEngine.LogType,UnityEngine.Object,string,object[]) (at Assets/Editor/DisableUnityConnectOnLoad.cs:430)
UnityEngine.Logger:Log (UnityEngine.LogType,object)
UnityEngine.Debug:Log (object)
PathOfTenThousandWays.Demo.EditorTools.DemoPostBattleScreenshotTool/CaptureSession:Tick () (at Assets/Editor/DemoPostBattleScreenshotTool.cs:1066)
PathOfTenThousandWays.Demo.EditorTools.DemoPostBattleScreenshotTool:UpdateCapture () (at Assets/Editor/DemoPostBattleScreenshotTool.cs:88)
UnityEditor.EditorApplication:Internal_CallUpdateFunctions ()

(Filename: Assets/Editor/DemoPostBattleScreenshotTool.cs Line: 1066)

InvalidOperationException: Expected exactly three visible starter cards before hover capture.
  at PathOfTenThousandWays.Demo.EditorTools.DemoPostBattleScreenshotTool.HoverOpeningBattleCard () [0x0004d] in D:\MyGame\Path_of_Ten_Thousand_Ways\UNITY\Assets\Editor\DemoPostBattleScreenshotTool.cs:327 
  at PathOfTenThousandWays.Demo.EditorTools.DemoPostBattleScreenshotTool.UpdateOpeningBattleCapture (PathOfTenThousandWays.Demo.Systems.DemoGameController controller) [0x000ac] in D:\MyGame\Path_of_Ten_Thousand_Ways\UNITY\Assets\Editor\DemoPostBattleScreenshotTool.cs:259 
  at PathOfTenThousandWays.Demo.EditorTools.DemoPostBattleScreenshotTool.UpdateCapture () [0x000d1] in D:\MyGame\Path_of_Ten_Thousand_Ways\UNITY\Assets\Editor\DemoPostBattleScreenshotTool.cs:114 
UnityEngine.DebugLogHandler:Internal_LogException_Injected(Exception, IntPtr)
UnityEngine.DebugLogHandler:Internal_LogException(Exception, Object)
UnityEngine.DebugLogHandler:LogException(Exception, Object)
PathOfTenThousandWays.Editor.UnityConnectTokenExchangeLogFilter:LogException(Exception, Object) (at Assets\Editor\DisableUnityConnectOnLoad.cs:420)
UnityEngine.Logger:LogException(Exception, Object)
UnityEngine.Debug:LogException(Exception)
PathOfTenThousandWays.Demo.EditorTools.DemoPostBattleScreenshotTool:UpdateCapture() (at Assets\Editor\DemoPostBattleScreenshotTool.cs:228)
UnityEditor.EditorApplication:Internal_CallUpdateFunctions()

(Filename: Assets/Editor/DemoPostBattleScreenshotTool.cs Line: 228)

[Physics::Module] Cleanup current backend.
[Physics::Module] Id: 0xf2b8ea05
Input System module state changed to: ShutdownInProgress.
Input System polling thread exited.
Input System module state changed to: Shutdown.
[Licensing::IpcConnector] LicenseClient-张海桃-notifications channel disconnected successfully.
[Licensing::IpcConnector] LicenseClient-张海桃 channel disconnected successfully.
AcceleratorClientConnectionCallback - disconnected - :0
Cleanup mono
Checking for leaked weakptr:
  Found no leaked weakptrs.
[Package Manager] Server process was shutdown
##utp:{"type":"MemoryLeaks","version":2,"phase":"Immediate","time":1784431136754,"processId":19532,"allocatedMemory":10567272,"memoryLabels":[{"Default":29313},{"Permanent":15236},{"NewDelete":67803},{"Thread":4230344},{"Manager":32349},{"VertexData":200},{"Geometry":816},{"Texture":296},{"Shader":79315},{"Material":24},{"GfxDevice":56016},{"Animation":392},{"Audio":2664},{"FreeType":8},{"FontEngine":736},{"Physics":2090},{"Physics2D":16},{"Serialization":720},{"Input":14984},{"JobScheduler":33024},{"TextLib":216},{"Mono":32},{"ScriptingNativeRuntime":155060},{"BaseObject":1640624},{"Resource":1336},{"Renderer":3000},{"Transform":4685},{"File":1016},{"WebCam":616},{"Culling":32},{"Terrain":11394},{"Wind":24},{"STL":40},{"String":20101},{"DynamicArray":81196},{"HashMap":47788},{"Utility":2660278},{"Curl":2675},{"PoolAlloc":2056},{"AI":80},{"TypeTree":11341},{"ScriptManager":512},{"RuntimeInitializeOnLoadManager":64},{"SpriteAtlas":112},{"GI":7792},{"Director":8240},{"CloudService":9504},{"WebRequest":808},{"VR":47994},{"SceneManager":504},{"Video":208},{"LazyScriptCache":32},{"Camera":17},{"Secure":2377},{"SerializationCache":1576},{"APIUpdating":10320},{"Subsystems":336},{"VirtualTexturing":57888},{"StaticSafetyDebugInfo":278528},{"Analytics":384},{"Hierarchy":608},{"CoreStats":13112},{"Identifiers":12960},{"Gui":96},{"EditorUtility":81021},{"VersionControl":4},{"Undo":947},{"AssetDatabase":775788},{"EditorGi":328},{"UnityConnect":29232},{"Upm":1896},{"AssetCompliance":64},{"DrivenProperties":72},{"LocalIPC":215},{"ProfilerEditor":9746},{"CoreBusinessMetrics":2859},{"Licensing":1232},{"AssetReference":32},{"IPCStream":32}]}
