[Licensing::Module] Trying to connect to existing licensing client channel...
Built from '6000.3/staging' branch; Version is '6000.3.17f1 (cf0352b38e81) revision 13566802'; Using compiler version '194234433'; Build Type 'Release'
OS: 'Windows 11  (10.0.26200) CoreCountrySpecific' Language: 'zh' Physical Memory: 16227 MB
BatchMode: 1, IsHumanControllingUs: 0, StartBugReporterOnCrash: 0, Is64bit: 1
System  architecture: x64
[Licensing::IpcConnector] Channel LicenseClient-张海桃 doesn't exist
Process architecture: x64
Date: 2026-07-19T03:22:44Z
[Licensing::Module] Successfully launched the LicensingClient (PId: 7300)

COMMAND LINE ARGUMENTS:
D:\Unity Hub\Editor\Unity.exe
-batchmode
-projectPath
D:\MyGame\Path_of_Ten_Thousand_Ways\UNITY
-executeMethod
PathOfTenThousandWays.Demo.EditorTools.DemoPostBattleScreenshotTool.CaptureOpeningBattle
-logFile
D:\MyGame\Path_of_Ten_Thousand_Ways\tmp\unity_opening_battle_story_package_capture_v3.log
Successfully changed project path to: D:\MyGame\Path_of_Ten_Thousand_Ways\UNITY
D:/MyGame/Path_of_Ten_Thousand_Ways/UNITY
[UnityMemory] Configuration Parameters - Can be set up in boot.config
    "memorysetup-temp-allocator-size-nav-mesh-worker=65536"
    "memorysetup-temp-allocator-size-audio-worker=65536"
    "memorysetup-temp-allocator-size-gfx=262144"
    "memorysetup-allocator-temp-initial-block-size-main=262144"
    "memorysetup-allocator-temp-initial-block-size-worker=262144"
    "memorysetup-temp-allocator-size-background-worker=32768"
    "memorysetup-temp-allocator-size-job-worker=262144"
    "memorysetup-temp-allocator-size-preload-manager=33554432"
    "memorysetup-temp-allocator-size-gi-baking-worker=262144"
    "memorysetup-temp-allocator-size-gi-baking-worker=262144"
    "memorysetup-temp-allocator-size-gi-baking-worker=262144"
    "memorysetup-temp-allocator-size-gi-baking-worker=262144"
    "memorysetup-temp-allocator-size-gi-baking-worker=262144"
    "memorysetup-bucket-allocator-granularity=16"
    "memorysetup-bucket-allocator-bucket-count=8"
    "memorysetup-bucket-allocator-block-size=33554432"
    "memorysetup-bucket-allocator-block-count=8"
    "memorysetup-main-allocator-block-size=16777216"
    "memorysetup-thread-allocator-block-size=16777216"
    "memorysetup-gfx-main-allocator-block-size=16777216"
    "memorysetup-gfx-thread-allocator-block-size=16777216"
    "memorysetup-cache-allocator-block-size=4194304"
    "memorysetup-typetree-allocator-block-size=2097152"
    "memorysetup-profiler-bucket-allocator-granularity=16"
    "memorysetup-profiler-bucket-allocator-bucket-count=8"
    "memorysetup-profiler-bucket-allocator-block-size=33554432"
    "memorysetup-profiler-bucket-allocator-block-count=8"
    "memorysetup-profiler-allocator-block-size=16777216"
    "memorysetup-profiler-editor-allocator-block-size=1048576"
    "memorysetup-temp-allocator-size-main=16777216"
    "memorysetup-job-temp-allocator-block-size=2097152"
    "memorysetup-job-temp-allocator-block-size-background=1048576"
    "memorysetup-job-temp-allocator-reduction-small-platforms=262144"
    "memorysetup-temp-allocator-size-cloud-worker=32768"
Player connection [19808]  Target information:

Player connection [19808]  * "[IP] 192.168.1.2 [Port] 55504 [Flags] 2 [Guid] 2839442303 [EditorId] 2839442303 [Version] 1048832 [Id] WindowsEditor(7,MSI) [Debug] 1 [PackageName] WindowsEditor [ProjectName] Editor" 

Player connection [19808] Host joined multi-casting on [225.0.0.222:54997]...
Player connection [19808] Host joined alternative multi-casting on [225.0.0.222:34997]...
Input System module state changed to: Initialized.
[Physics::Module] Initialized fallback backend.
[Physics::Module] Id: 0xdecafbad
[Package Manager] Connected to IPC stream "Upm-17968" after 0.3 seconds.
[Licensing::Module] Licensing is not yet initialized.
[Licensing::IpcConnector] Successfully connected to: "LicenseClient-张海桃" at "2026-07-19T03:22:44.8967502Z"
[Licensing::Client] Code 10 while verifying Licensing Client signature (process Id: 7300, path: "D:/Unity Hub/Editor/Data/Resources/Licensing/Client/Unity.Licensing.Client.exe")
[Licensing::Module] LicensingClient has failed validation; ignoring
[Licensing::Client] Handshaking with LicensingClient:
  Version:                 1.18.1+9fbee8e
  Session Id:              3cf46203dc7c417db6157d5c70aea1a4
  Correlation Id:          159897c48c515130aeab9f30ab9bde9d
  External correlation Id: 2283039808148699703
  Machine Id:              B0U8yf2hWd9+tEz6yaV3sSlcK3A=
[Licensing::Module] Successfully connected to LicensingClient on channel: "LicenseClient-张海桃" (connect: 0.85s, validation: 0.07s, handshake: 0.05s)
[Licensing::IpcConnector] Successfully connected to: "LicenseClient-张海桃-notifications" at "2026-07-19T03:22:45.0167957Z"
[Licensing::Module] Connected to LicensingClient (PId: 7300, launch time: 0.00, total connection time: 0.97s)
[Licensing::Module] Error: Access token is unavailable; failed to update
[Licensing::Client] Successfully resolved entitlement details
[Licensing::Module] License group:
  Id: ewogICJzdWJzR3JvdXAiIDogInVuaXR5IGVkaXRvciIsCiAgIm5hbWVzcGFjZSIgOiAidW5pdHlfZWRpdG9yIiwKICAidHlwZSIgOiAiRURJVE9SIiwKICAidGFnIiA6ICJVbml0eVBlcnNvbmFsXXXX
  Product: Unity Personal Version
  Type: Assigned
  Expiration: Unlimited
[Licensing::Client] Successfully updated license, isAsync: True, time: 0.03
[Licensing::Client] Successfully resolved entitlement details
[Licensing::Module] Licensing Background thread has ended after 1.05s
[Licensing::Module] Licensing is initialized (took 0.51s).
[Licensing::Client] Successfully resolved entitlement details
Library Redirect Path: Library/
[Physics::Module] Selected backend.
[Physics::Module] Name: PhysX
[Physics::Module] Id: 0xf2b8ea05
[Physics::Module] SDK Version: 4.1.2
[Physics::Module] Integration Version: 1.0.0
[Physics::Module] Threading Mode: Multi-Threaded
Artifact Garbage Collection - Removed 4 unused hashed content files
Refreshing native plugins compatible for Editor in 0.06 ms, found 0 plugins.
Preloading 0 native plugins for Editor in 0.00 ms.
Initialize engine version: 6000.3.17f1 (cf0352b38e81)
[Subsystems] Discovering subsystems at path D:/Unity Hub/Editor/Data/Resources/UnitySubsystems
[Subsystems] Discovering subsystems at path D:/MyGame/Path_of_Ten_Thousand_Ways/UNITY/Assets
GfxDevice: creating device client; kGfxThreadingModeNonThreaded
Direct3D:
    Version:  Direct3D 11.0 [level 11.1]
    Renderer: NVIDIA GeForce GTX 1660 Ti (ID=0x2191)
    Vendor:   NVIDIA
    VRAM:     5966 MB
    Driver:   32.0.15.8115
Initialize mono
Mono path[0] = 'D:/Unity Hub/Editor/Data/Managed'
Mono path[1] = 'D:/Unity Hub/Editor/Data/MonoBleedingEdge/lib/mono/unityjit-win32'
Mono config path = 'D:/Unity Hub/Editor/Data/MonoBleedingEdge/etc'
Using monoOptions --debugger-agent=transport=dt_socket,embedding=1,server=y,suspend=n,address=127.0.0.1:56968
Using cacheserver namespaces - metadata:defaultmetadata, artifacts:defaultartifacts
Using cacheserver namespaces - metadata:defaultmetadata, artifacts:defaultartifacts
ImportWorker Server TCP listen port: 0
AcceleratorClientConnectionCallback - disconnected - :0
Begin MonoManager ReloadAssembly
Registering precompiled unity dll's ...
Register platform support module: D:/Unity Hub/Editor/Data/PlaybackEngines/WindowsStandaloneSupport/UnityEditor.WindowsStandalone.Extensions.dll
Registered in 0.001580 seconds.
- Loaded All Assemblies, in  0.798 seconds
Native extension for WindowsStandalone target not found
Package Manager log level set to [2]
ScheduleIndexationOnStartup MainProcess:False IndexOnStartup:True
Mono: successfully reloaded assembly
- Finished resetting the current domain, in  0.720 seconds
Domain Reload Profiling: 1518ms
	BeginReloadAssembly (282ms)
		ExecutionOrderSort (0ms)
		DisableScriptedObjects (0ms)
		BackupInstance (0ms)
		ReleaseScriptingObjects (0ms)
		CreateAndSetChildDomain (11ms)
	RebuildCommonClasses (75ms)
	RebuildNativeTypeToScriptingClass (20ms)
	initialDomainReloadingComplete (61ms)
	LoadAllAssembliesAndSetupDomain (359ms)
		LoadAssemblies (272ms)
		RebuildTransferFunctionScriptingTraits (0ms)
		AnalyzeDomain (355ms)
			TypeCache.Refresh (351ms)
				TypeCache.ScanAssembly (321ms)
			BuildScriptInfoCaches (0ms)
			ResolveRequiredComponents (1ms)
	FinalizeReload (721ms)
		ReleaseScriptCaches (0ms)
		RebuildScriptCaches (0ms)
		SetupLoadedEditorAssemblies (634ms)
			LogAssemblyErrors (0ms)
			InitializePlatformSupportModulesInManaged (86ms)
			SetLoadedEditorAssemblies (6ms)
			BeforeProcessingInitializeOnLoad (160ms)
			ProcessInitializeOnLoadAttributes (245ms)
			ProcessInitializeOnLoadMethodAttributes (136ms)
			AfterProcessingInitializeOnLoad (0ms)
			EditorAssembliesLoaded (0ms)
		ExecutionOrderSort2 (0ms)
		AwakeInstancesAfterBackupRestoration (0ms)
[Licensing::Client] Successfully resolved entitlement details
Application.AssetDatabase Initial Refresh Start
[Package Manager] Restoring resolved packages state from cache
[Licensing::Client] Successfully resolved entitlement details
[Package Manager] Registered 12 packages:
  Packages from [https://packages.unity.com]:
    com.unity.inputsystem@1.14.0 (location: D:\MyGame\Path_of_Ten_Thousand_Ways\UNITY\Library\PackageCache\com.unity.inputsystem@7fe8299111a7)
  Built-in packages:
    com.unity.ugui@2.0.0 (location: D:\MyGame\Path_of_Ten_Thousand_Ways\UNITY\Library\PackageCache\com.unity.ugui@05e8dec4ac02)
    com.unity.modules.adaptiveperformance@1.0.0 (location: D:\MyGame\Path_of_Ten_Thousand_Ways\UNITY\Library\PackageCache\com.unity.modules.adaptiveperformance)
    com.unity.modules.vectorgraphics@1.0.0 (location: D:\MyGame\Path_of_Ten_Thousand_Ways\UNITY\Library\PackageCache\com.unity.modules.vectorgraphics)
    com.unity.modules.uielements@1.0.0 (location: D:\MyGame\Path_of_Ten_Thousand_Ways\UNITY\Library\PackageCache\com.unity.modules.uielements)
    com.unity.modules.imageconversion@1.0.0 (location: D:\MyGame\Path_of_Ten_Thousand_Ways\UNITY\Library\PackageCache\com.unity.modules.imageconversion)
    com.unity.modules.imgui@1.0.0 (location: D:\MyGame\Path_of_Ten_Thousand_Ways\UNITY\Library\PackageCache\com.unity.modules.imgui)
    com.unity.modules.subsystems@1.0.0 (location: D:\MyGame\Path_of_Ten_Thousand_Ways\UNITY\Library\PackageCache\com.unity.modules.subsystems)
    com.unity.modules.ui@1.0.0 (location: D:\MyGame\Path_of_Ten_Thousand_Ways\UNITY\Library\PackageCache\com.unity.modules.ui)
    com.unity.modules.jsonserialize@1.0.0 (location: D:\MyGame\Path_of_Ten_Thousand_Ways\UNITY\Library\PackageCache\com.unity.modules.jsonserialize)
    com.unity.modules.hierarchycore@1.0.0 (location: D:\MyGame\Path_of_Ten_Thousand_Ways\UNITY\Library\PackageCache\com.unity.modules.hierarchycore)
    com.unity.modules.physics@1.0.0 (location: D:\MyGame\Path_of_Ten_Thousand_Ways\UNITY\Library\PackageCache\com.unity.modules.physics)
[Subsystems] No new subsystems found in resolved package list.
[Package Manager] Done registering packages in 0.01 seconds
[ScriptCompilation] Requested script compilation because: Assetdatabase observed changes in script compilation related files
Starting: D:\Unity Hub\Editor\Data\Tools\BuildPipeline\bee_backend.exe --ipc --defer-dag-verification --dagfile="Library/Bee/1900b0aE.dag" --continue-on-failure --profile="Library/Bee/backend1.traceevents" ScriptAssemblies
WorkingDir: D:/MyGame/Path_of_Ten_Thousand_Ways/UNITY
DisplayProgressbar: Compiling Scripts
ExitCode: 0 Duration: 0s904ms
[232/235    0s] Csc Library/Bee/artifacts/1900b0aE.dag/Assembly-CSharp-Editor.dll (+2 others)
[233/235    0s] CopyFiles Library/ScriptAssemblies/Assembly-CSharp-Editor.pdb
[234/235    0s] CopyFiles Library/ScriptAssemblies/Assembly-CSharp-Editor.dll
*** Tundra build success (0.80 seconds), 3 items updated, 235 evaluated
AssetDatabase: script compilation time: 1.674978s
Begin MonoManager ReloadAssembly
- Loaded All Assemblies, in  0.939 seconds
Refreshing native plugins compatible for Editor in 0.33 ms, found 0 plugins.
Native extension for WindowsStandalone target not found
ScheduleIndexationOnStartup MainProcess:True IndexOnStartup:True
Mono: successfully reloaded assembly
- Finished resetting the current domain, in  0.888 seconds
Domain Reload Profiling: 1827ms
	BeginReloadAssembly (506ms)
		ExecutionOrderSort (0ms)
		DisableScriptedObjects (44ms)
		BackupInstance (0ms)
		ReleaseScriptingObjects (0ms)
		CreateAndSetChildDomain (158ms)
	RebuildCommonClasses (62ms)
	RebuildNativeTypeToScriptingClass (26ms)
	initialDomainReloadingComplete (26ms)
	LoadAllAssembliesAndSetupDomain (319ms)
		LoadAssemblies (471ms)
		RebuildTransferFunctionScriptingTraits (0ms)
		AnalyzeDomain (54ms)
			TypeCache.Refresh (34ms)
				TypeCache.ScanAssembly (26ms)
			BuildScriptInfoCaches (11ms)
			ResolveRequiredComponents (5ms)
	FinalizeReload (889ms)
		ReleaseScriptCaches (0ms)
		RebuildScriptCaches (0ms)
		SetupLoadedEditorAssemblies (595ms)
			LogAssemblyErrors (0ms)
			InitializePlatformSupportModulesInManaged (42ms)
			SetLoadedEditorAssemblies (8ms)
			BeforeProcessingInitializeOnLoad (214ms)
			ProcessInitializeOnLoadAttributes (277ms)
			ProcessInitializeOnLoadMethodAttributes (51ms)
			AfterProcessingInitializeOnLoad (2ms)
			EditorAssembliesLoaded (0ms)
		ExecutionOrderSort2 (0ms)
		AwakeInstancesAfterBackupRestoration (39ms)
Refreshing native plugins compatible for Editor in 0.32 ms, found 0 plugins.
Preloading 0 native plugins for Editor in 0.00 ms.
Asset Pipeline Refresh (id=a876b01ffb3e37042be759e2231404f8): Total: 3.878 seconds - Initiated by InitialRefreshV2(ForceSynchronousImport)
	Summary:
		Imports: total=0 (actual=0, local cache=0, cache server=0)
		Asset DB Process Time: managed=0 ms, native=1143 ms
		Asset DB Callback time: managed=87 ms, native=17 ms
		Scripting: domain reloads=1, domain reload time=940 ms, compile time=1678 ms, other=11 ms
		Project Asset Count: scripts=226, non-scripts=439
		Asset File Changes: new=0, changed=1, moved=0, deleted=0
		Scan Filter Count: 0
	InvokeCustomDependenciesCallbacks: 0.002ms
	InvokePackagesCallback: 17.240ms
	ApplyChangesToAssetFolders: 0.929ms
	Scan: 108.878ms
	OnSourceAssetsModified: 1.176ms
	CategorizeAssetsWithTransientArtifact: 5.795ms
	ProcessAssetsWithTransientArtifactChanges: 16.186ms
	CategorizeAssets: 6.895ms
	ImportOutOfDateAssets: 891.376ms (-787.358ms without children)
		CompileScripts: 1678.217ms
		ReloadNativeAssets: 0.000ms
		UnloadImportedAssets: 0.121ms
		EnsureUptoDateAssetsAreRegisteredWithGuidPM: 0.103ms
		InitializingProgressBar: 0.000ms
		PostProcessAllAssetNotificationsAddChangedAssets: 0.000ms
		OnDemandSchedulerStart: 0.291ms
	PostProcessAllAssets: 88.267ms
	Hotreload: 1.107ms
	GatherAllCurrentPrimaryArtifactRevisions: 0.006ms
	UnloadStreamsBegin: 2.475ms
	PersistCurrentRevisions: 0.025ms
	UnloadStreamsEnd: 0.001ms
	GenerateScriptTypeHashes: 1.906ms
	Untracked: 2737.210ms

Application.AssetDatabase Initial Refresh End
Launched and connected shader compiler UnityShaderCompiler.exe after 0.03 seconds
Scanning for USB devices : 2.361ms
Initializing Unity extensions:
[MODES] ModeService[none].Initialize
[MODES] ModeService[none].LoadModes
[MODES] Loading mode Default (0) for mode-current-id-UNITY
Unloading 3 Unused Serialized files (Serialized files now loaded: 0)
Unloading 814 unused Assets / (0.8 MB). Loaded Objects now: 1445.
Memory consumption went from 98.8 MB to 98.0 MB.
Total: 8.004600 ms (FindLiveObjects: 0.137800 ms CreateObjectMapping: 0.060100 ms MarkObjects: 7.183300 ms  DeleteObjects: 0.622100 ms)

[Project] Loading completed in 7.664 seconds
	Project init time: 				7.314 seconds
		Template init time: 		0.000 seconds
		Package Manager init time: 		0.782 seconds
		Asset Database init time: 		0.262 seconds
		Global illumination init time: 	0.003 seconds
		Assemblies load time: 			1.543 seconds
		Unity extensions init time: 	0.001 seconds
		Asset Database refresh time: 	3.878 seconds
	Scene opening time: 			0.181 seconds
##utp:{"type":"ProjectInfo","version":2,"phase":"Immediate","time":1784431371688,"processId":17968,"projectLoad":7.664327,"projectInit":7.3137284,"templateInit":0.0,"packageManagerInit":0.7816126,"assetDatabaseInit":0.2619585,"globalIlluminationInit":0.0027117,"assembliesLoad":1.5426411,"unityExtensionsInit":0.0013892,"assetDatabaseRefresh":3.8776835,"sceneOpening":0.1805509}
##utp:{"type":"EditorInfo","version":2,"phase":"Immediate","time":1784431371688,"processId":17968,"editorVersion":"6000.3.17f1 (cf0352b38e81)","branch":"6000.3/staging","buildType":"Release","platform":"Windows"}
Reloading assemblies for play mode.
Reloading assemblies after forced synchronous recompile.
Begin MonoManager ReloadAssembly
- Loaded All Assemblies, in  0.501 seconds
Refreshing native plugins compatible for Editor in 0.58 ms, found 0 plugins.
Native extension for WindowsStandalone target not found
ScheduleIndexationOnStartup MainProcess:True IndexOnStartup:True
Mono: successfully reloaded assembly
- Finished resetting the current domain, in  1.095 seconds
Domain Reload Profiling: 1596ms
	BeginReloadAssembly (315ms)
		ExecutionOrderSort (0ms)
		DisableScriptedObjects (27ms)
		BackupInstance (0ms)
		ReleaseScriptingObjects (0ms)
		CreateAndSetChildDomain (54ms)
	RebuildCommonClasses (62ms)
	RebuildNativeTypeToScriptingClass (32ms)
	initialDomainReloadingComplete (31ms)
	LoadAllAssembliesAndSetupDomain (61ms)
		LoadAssemblies (214ms)
		RebuildTransferFunctionScriptingTraits (0ms)
		AnalyzeDomain (43ms)
			TypeCache.Refresh (7ms)
				TypeCache.ScanAssembly (0ms)
			BuildScriptInfoCaches (26ms)
			ResolveRequiredComponents (6ms)
	FinalizeReload (1096ms)
		ReleaseScriptCaches (0ms)
		RebuildScriptCaches (0ms)
		SetupLoadedEditorAssemblies (709ms)
			LogAssemblyErrors (0ms)
			InitializePlatformSupportModulesInManaged (90ms)
			SetLoadedEditorAssemblies (6ms)
			BeforeProcessingInitializeOnLoad (222ms)
			ProcessInitializeOnLoadAttributes (311ms)
			ProcessInitializeOnLoadMethodAttributes (76ms)
			AfterProcessingInitializeOnLoad (4ms)
			EditorAssembliesLoaded (0ms)
		ExecutionOrderSort2 (0ms)
		AwakeInstancesAfterBackupRestoration (41ms)
Asset Pipeline Refresh (id=7f93e7e9581965548a96b198c67af18c): Total: 1.680 seconds - Initiated by StopAssetImportingV2(ForceSynchronousImport | ForceDomainReload)
	Summary:
		Imports: total=0 (actual=0, local cache=0, cache server=0)
		Asset DB Process Time: managed=0 ms, native=1144 ms
		Asset DB Callback time: managed=27 ms, native=0 ms
		Scripting: domain reloads=1, domain reload time=505 ms, compile time=3 ms, other=0 ms
		Project Asset Count: scripts=226, non-scripts=439
		Asset File Changes: new=0, changed=0, moved=0, deleted=0
		Scan Filter Count: 0
	InvokeCustomDependenciesCallbacks: 0.001ms
	InvokePackagesCallback: 3.185ms
	ApplyChangesToAssetFolders: 0.116ms
	Scan: 0.001ms
	OnSourceAssetsModified: 0.002ms
	CategorizeAssetsWithTransientArtifact: 0.004ms
	ProcessAssetsWithTransientArtifactChanges: 0.540ms
	CategorizeAssets: 7.691ms
	ImportOutOfDateAssets: 1100.155ms (1095.420ms without children)
		CompileScripts: 2.907ms
		CollectScriptTypesHashes: 0.001ms
		ReloadNativeAssets: 0.001ms
		UnloadImportedAssets: 0.056ms
		EnsureUptoDateAssetsAreRegisteredWithGuidPM: 0.184ms
		InitializingProgressBar: 0.001ms
		PostProcessAllAssetNotificationsAddChangedAssets: 0.001ms
		OnDemandSchedulerStart: 1.586ms
	PostProcessAllAssets: 27.303ms
	GatherAllCurrentPrimaryArtifactRevisions: 0.044ms
	UnloadStreamsBegin: 0.048ms
	PersistCurrentRevisions: 0.035ms
	UnloadStreamsEnd: 0.001ms
	GenerateScriptTypeHashes: 2.132ms
	Untracked: 540.747ms

Loaded scene 'Temp/__Backupscenes/0.backup'
	Deserialize:            0.399 ms
	Integration:            1576.081 ms
	Integration of assets:  0.002 ms
	Thread Wait Time:       0.188 ms
	Total Operation Time:   1576.670 ms
[MODES] ModeService[none].Initialize
[MODES] ModeService[none].LoadModes
Start Indexing on Editor startup
[Indexing] Starting Initial Indexing for Assets
Created GICache directory at C:/Users/张海桃/AppData/LocalLow/Unity/Caches/GiCache. Took: 0.031s, timestamps: [11.136 - 11.167]
[Licensing::Client] Successfully resolved entitlement details
Capture pixel check battle_opening_intro_commercial.png: upper variance=4600.68, coverage=94.4%; middle variance=2183.96, coverage=99.8%; lower variance=1919.68, coverage=100.0%.
UnityEngine.Debug:ExtractStackTraceNoAlloc (byte*,int,string)
UnityEngine.StackTraceUtility:ExtractStackTrace ()
UnityEngine.DebugLogHandler:Internal_Log (UnityEngine.LogType,UnityEngine.LogOption,string,UnityEngine.Object)
UnityEngine.DebugLogHandler:LogFormat (UnityEngine.LogType,UnityEngine.Object,string,object[])
PathOfTenThousandWays.Editor.DisableUnityConnectOnLoad/UnityConnectTokenExchangeLogFilter:LogFormat (UnityEngine.LogType,UnityEngine.Object,string,object[]) (at Assets/Editor/DisableUnityConnectOnLoad.cs:430)
UnityEngine.Logger:Log (UnityEngine.LogType,object)
UnityEngine.Debug:Log (object)
PathOfTenThousandWays.Demo.EditorTools.DemoPostBattleScreenshotTool/CaptureSession:ValidatePixels (UnityEngine.Texture2D) (at Assets/Editor/DemoPostBattleScreenshotTool.cs:1218)
PathOfTenThousandWays.Demo.EditorTools.DemoPostBattleScreenshotTool/CaptureSession:Capture () (at Assets/Editor/DemoPostBattleScreenshotTool.cs:1161)
PathOfTenThousandWays.Demo.EditorTools.DemoPostBattleScreenshotTool/CaptureSession:Tick () (at Assets/Editor/DemoPostBattleScreenshotTool.cs:1061)
PathOfTenThousandWays.Demo.EditorTools.DemoPostBattleScreenshotTool:UpdateCapture () (at Assets/Editor/DemoPostBattleScreenshotTool.cs:88)
UnityEditor.EditorApplication:Internal_CallUpdateFunctions ()

(Filename: Assets/Editor/DemoPostBattleScreenshotTool.cs Line: 1218)

Captured commercial UI screenshot: D:\MyGame\Path_of_Ten_Thousand_Ways\tmp\battle_opening_intro_commercial.png
UnityEngine.Debug:ExtractStackTraceNoAlloc (byte*,int,string)
UnityEngine.StackTraceUtility:ExtractStackTrace ()
UnityEngine.DebugLogHandler:Internal_Log (UnityEngine.LogType,UnityEngine.LogOption,string,UnityEngine.Object)
UnityEngine.DebugLogHandler:LogFormat (UnityEngine.LogType,UnityEngine.Object,string,object[])
PathOfTenThousandWays.Editor.DisableUnityConnectOnLoad/UnityConnectTokenExchangeLogFilter:LogFormat (UnityEngine.LogType,UnityEngine.Object,string,object[]) (at Assets/Editor/DisableUnityConnectOnLoad.cs:430)
UnityEngine.Logger:Log (UnityEngine.LogType,object)
UnityEngine.Debug:Log (object)
PathOfTenThousandWays.Demo.EditorTools.DemoPostBattleScreenshotTool/CaptureSession:Tick () (at Assets/Editor/DemoPostBattleScreenshotTool.cs:1066)
PathOfTenThousandWays.Demo.EditorTools.DemoPostBattleScreenshotTool:UpdateCapture () (at Assets/Editor/DemoPostBattleScreenshotTool.cs:88)
UnityEditor.EditorApplication:Internal_CallUpdateFunctions ()

(Filename: Assets/Editor/DemoPostBattleScreenshotTool.cs Line: 1066)

Capture pixel check battle_opening_running_commercial.png: upper variance=5277.32, coverage=96.2%; middle variance=2805.64, coverage=99.7%; lower variance=1987.51, coverage=100.0%.
UnityEngine.Debug:ExtractStackTraceNoAlloc (byte*,int,string)
UnityEngine.StackTraceUtility:ExtractStackTrace ()
UnityEngine.DebugLogHandler:Internal_Log (UnityEngine.LogType,UnityEngine.LogOption,string,UnityEngine.Object)
UnityEngine.DebugLogHandler:LogFormat (UnityEngine.LogType,UnityEngine.Object,string,object[])
PathOfTenThousandWays.Editor.DisableUnityConnectOnLoad/UnityConnectTokenExchangeLogFilter:LogFormat (UnityEngine.LogType,UnityEngine.Object,string,object[]) (at Assets/Editor/DisableUnityConnectOnLoad.cs:430)
UnityEngine.Logger:Log (UnityEngine.LogType,object)
UnityEngine.Debug:Log (object)
PathOfTenThousandWays.Demo.EditorTools.DemoPostBattleScreenshotTool/CaptureSession:ValidatePixels (UnityEngine.Texture2D) (at Assets/Editor/DemoPostBattleScreenshotTool.cs:1218)
PathOfTenThousandWays.Demo.EditorTools.DemoPostBattleScreenshotTool/CaptureSession:Capture () (at Assets/Editor/DemoPostBattleScreenshotTool.cs:1161)
PathOfTenThousandWays.Demo.EditorTools.DemoPostBattleScreenshotTool/CaptureSession:Tick () (at Assets/Editor/DemoPostBattleScreenshotTool.cs:1061)
PathOfTenThousandWays.Demo.EditorTools.DemoPostBattleScreenshotTool:UpdateCapture () (at Assets/Editor/DemoPostBattleScreenshotTool.cs:88)
UnityEditor.EditorApplication:Internal_CallUpdateFunctions ()

(Filename: Assets/Editor/DemoPostBattleScreenshotTool.cs Line: 1218)

Captured commercial UI screenshot: D:\MyGame\Path_of_Ten_Thousand_Ways\tmp\battle_opening_running_commercial.png
UnityEngine.Debug:ExtractStackTraceNoAlloc (byte*,int,string)
UnityEngine.StackTraceUtility:ExtractStackTrace ()
UnityEngine.DebugLogHandler:Internal_Log (UnityEngine.LogType,UnityEngine.LogOption,string,UnityEngine.Object)
UnityEngine.DebugLogHandler:LogFormat (UnityEngine.LogType,UnityEngine.Object,string,object[])
PathOfTenThousandWays.Editor.DisableUnityConnectOnLoad/UnityConnectTokenExchangeLogFilter:LogFormat (UnityEngine.LogType,UnityEngine.Object,string,object[]) (at Assets/Editor/DisableUnityConnectOnLoad.cs:430)
UnityEngine.Logger:Log (UnityEngine.LogType,object)
UnityEngine.Debug:Log (object)
PathOfTenThousandWays.Demo.EditorTools.DemoPostBattleScreenshotTool/CaptureSession:Tick () (at Assets/Editor/DemoPostBattleScreenshotTool.cs:1066)
PathOfTenThousandWays.Demo.EditorTools.DemoPostBattleScreenshotTool:UpdateCapture () (at Assets/Editor/DemoPostBattleScreenshotTool.cs:88)
UnityEditor.EditorApplication:Internal_CallUpdateFunctions ()

(Filename: Assets/Editor/DemoPostBattleScreenshotTool.cs Line: 1066)

Capture pixel check battle_opening_running_commercial_1280x720.png: upper variance=5230.73, coverage=96.1%; middle variance=2794.81, coverage=99.8%; lower variance=1922.49, coverage=100.0%.
UnityEngine.Debug:ExtractStackTraceNoAlloc (byte*,int,string)
UnityEngine.StackTraceUtility:ExtractStackTrace ()
UnityEngine.DebugLogHandler:Internal_Log (UnityEngine.LogType,UnityEngine.LogOption,string,UnityEngine.Object)
UnityEngine.DebugLogHandler:LogFormat (UnityEngine.LogType,UnityEngine.Object,string,object[])
PathOfTenThousandWays.Editor.DisableUnityConnectOnLoad/UnityConnectTokenExchangeLogFilter:LogFormat (UnityEngine.LogType,UnityEngine.Object,string,object[]) (at Assets/Editor/DisableUnityConnectOnLoad.cs:430)
UnityEngine.Logger:Log (UnityEngine.LogType,object)
UnityEngine.Debug:Log (object)
PathOfTenThousandWays.Demo.EditorTools.DemoPostBattleScreenshotTool/CaptureSession:ValidatePixels (UnityEngine.Texture2D) (at Assets/Editor/DemoPostBattleScreenshotTool.cs:1218)
PathOfTenThousandWays.Demo.EditorTools.DemoPostBattleScreenshotTool/CaptureSession:Capture () (at Assets/Editor/DemoPostBattleScreenshotTool.cs:1161)
PathOfTenThousandWays.Demo.EditorTools.DemoPostBattleScreenshotTool/CaptureSession:Tick () (at Assets/Editor/DemoPostBattleScreenshotTool.cs:1061)
PathOfTenThousandWays.Demo.EditorTools.DemoPostBattleScreenshotTool:UpdateCapture () (at Assets/Editor/DemoPostBattleScreenshotTool.cs:88)
UnityEditor.EditorApplication:Internal_CallUpdateFunctions ()

(Filename: Assets/Editor/DemoPostBattleScreenshotTool.cs Line: 1218)

Captured commercial UI screenshot: D:\MyGame\Path_of_Ten_Thousand_Ways\tmp\battle_opening_running_commercial_1280x720.png
UnityEngine.Debug:ExtractStackTraceNoAlloc (byte*,int,string)
UnityEngine.StackTraceUtility:ExtractStackTrace ()
UnityEngine.DebugLogHandler:Internal_Log (UnityEngine.LogType,UnityEngine.LogOption,string,UnityEngine.Object)
UnityEngine.DebugLogHandler:LogFormat (UnityEngine.LogType,UnityEngine.Object,string,object[])
PathOfTenThousandWays.Editor.DisableUnityConnectOnLoad/UnityConnectTokenExchangeLogFilter:LogFormat (UnityEngine.LogType,UnityEngine.Object,string,object[]) (at Assets/Editor/DisableUnityConnectOnLoad.cs:430)
UnityEngine.Logger:Log (UnityEngine.LogType,object)
UnityEngine.Debug:Log (object)
PathOfTenThousandWays.Demo.EditorTools.DemoPostBattleScreenshotTool/CaptureSession:Tick () (at Assets/Editor/DemoPostBattleScreenshotTool.cs:1066)
PathOfTenThousandWays.Demo.EditorTools.DemoPostBattleScreenshotTool:UpdateCapture () (at Assets/Editor/DemoPostBattleScreenshotTool.cs:88)
UnityEditor.EditorApplication:Internal_CallUpdateFunctions ()

(Filename: Assets/Editor/DemoPostBattleScreenshotTool.cs Line: 1066)

Capture pixel check battle_opening_playable_hover_commercial.png: upper variance=5273.38, coverage=96.2%; middle variance=2916.98, coverage=99.7%; lower variance=1549.19, coverage=100.0%.
UnityEngine.Debug:ExtractStackTraceNoAlloc (byte*,int,string)
UnityEngine.StackTraceUtility:ExtractStackTrace ()
UnityEngine.DebugLogHandler:Internal_Log (UnityEngine.LogType,UnityEngine.LogOption,string,UnityEngine.Object)
UnityEngine.DebugLogHandler:LogFormat (UnityEngine.LogType,UnityEngine.Object,string,object[])
PathOfTenThousandWays.Editor.DisableUnityConnectOnLoad/UnityConnectTokenExchangeLogFilter:LogFormat (UnityEngine.LogType,UnityEngine.Object,string,object[]) (at Assets/Editor/DisableUnityConnectOnLoad.cs:430)
UnityEngine.Logger:Log (UnityEngine.LogType,object)
UnityEngine.Debug:Log (object)
PathOfTenThousandWays.Demo.EditorTools.DemoPostBattleScreenshotTool/CaptureSession:ValidatePixels (UnityEngine.Texture2D) (at Assets/Editor/DemoPostBattleScreenshotTool.cs:1218)
PathOfTenThousandWays.Demo.EditorTools.DemoPostBattleScreenshotTool/CaptureSession:Capture () (at Assets/Editor/DemoPostBattleScreenshotTool.cs:1161)
PathOfTenThousandWays.Demo.EditorTools.DemoPostBattleScreenshotTool/CaptureSession:Tick () (at Assets/Editor/DemoPostBattleScreenshotTool.cs:1061)
PathOfTenThousandWays.Demo.EditorTools.DemoPostBattleScreenshotTool:UpdateCapture () (at Assets/Editor/DemoPostBattleScreenshotTool.cs:88)
UnityEditor.EditorApplication:Internal_CallUpdateFunctions ()

(Filename: Assets/Editor/DemoPostBattleScreenshotTool.cs Line: 1218)

Captured commercial UI screenshot: D:\MyGame\Path_of_Ten_Thousand_Ways\tmp\battle_opening_playable_hover_commercial.png
UnityEngine.Debug:ExtractStackTraceNoAlloc (byte*,int,string)
UnityEngine.StackTraceUtility:ExtractStackTrace ()
UnityEngine.DebugLogHandler:Internal_Log (UnityEngine.LogType,UnityEngine.LogOption,string,UnityEngine.Object)
UnityEngine.DebugLogHandler:LogFormat (UnityEngine.LogType,UnityEngine.Object,string,object[])
PathOfTenThousandWays.Editor.DisableUnityConnectOnLoad/UnityConnectTokenExchangeLogFilter:LogFormat (UnityEngine.LogType,UnityEngine.Object,string,object[]) (at Assets/Editor/DisableUnityConnectOnLoad.cs:430)
UnityEngine.Logger:Log (UnityEngine.LogType,object)
UnityEngine.Debug:Log (object)
PathOfTenThousandWays.Demo.EditorTools.DemoPostBattleScreenshotTool/CaptureSession:Tick () (at Assets/Editor/DemoPostBattleScreenshotTool.cs:1066)
PathOfTenThousandWays.Demo.EditorTools.DemoPostBattleScreenshotTool:UpdateCapture () (at Assets/Editor/DemoPostBattleScreenshotTool.cs:88)
UnityEditor.EditorApplication:Internal_CallUpdateFunctions ()

(Filename: Assets/Editor/DemoPostBattleScreenshotTool.cs Line: 1066)

InvalidOperationException: Opening blocked capture regenerated energy or exposed a playable card.
  at PathOfTenThousandWays.Demo.EditorTools.DemoPostBattleScreenshotTool.ValidateOpeningBattleCaptureState (System.String fileName) [0x0056c] in D:\MyGame\Path_of_Ten_Thousand_Ways\UNITY\Assets\Editor\DemoPostBattleScreenshotTool.cs:960 
  at PathOfTenThousandWays.Demo.EditorTools.DemoPostBattleScreenshotTool.BeginCapture (System.String fileName, System.Int32 width, System.Int32 height) [0x0002d] in D:\MyGame\Path_of_Ten_Thousand_Ways\UNITY\Assets\Editor\DemoPostBattleScreenshotTool.cs:735 
  at PathOfTenThousandWays.Demo.EditorTools.DemoPostBattleScreenshotTool.BeginCapture (System.String fileName) [0x00000] in D:\MyGame\Path_of_Ten_Thousand_Ways\UNITY\Assets\Editor\DemoPostBattleScreenshotTool.cs:722 
  at PathOfTenThousandWays.Demo.EditorTools.DemoPostBattleScreenshotTool.UpdateOpeningBattleCapture (PathOfTenThousandWays.Demo.Systems.DemoGameController controller) [0x000cf] in D:\MyGame\Path_of_Ten_Thousand_Ways\UNITY\Assets\Editor\DemoPostBattleScreenshotTool.cs:270 
  at PathOfTenThousandWays.Demo.EditorTools.DemoPostBattleScreenshotTool.UpdateCapture () [0x000d1] in D:\MyGame\Path_of_Ten_Thousand_Ways\UNITY\Assets\Editor\DemoPostBattleScreenshotTool.cs:114 
UnityEngine.DebugLogHandler:Internal_LogException_Injected(Exception, IntPtr)
UnityEngine.DebugLogHandler:Internal_LogException(Exception, Object)
UnityEngine.DebugLogHandler:LogException(Exception, Object)
PathOfTenThousandWays.Editor.UnityConnectTokenExchangeLogFilter:LogException(Exception, Object) (at Assets\Editor\DisableUnityConnectOnLoad.cs:420)
UnityEngine.Logger:LogException(Exception, Object)
UnityEngine.Debug:LogException(Exception)
PathOfTenThousandWays.Demo.EditorTools.DemoPostBattleScreenshotTool:UpdateCapture() (at Assets\Editor\DemoPostBattleScreenshotTool.cs:228)
UnityEditor.EditorApplication:Internal_CallUpdateFunctions()

(Filename: Assets/Editor/DemoPostBattleScreenshotTool.cs Line: 228)

[Physics::Module] Cleanup current backend.
[Physics::Module] Id: 0xf2b8ea05
Input System module state changed to: ShutdownInProgress.
Input System polling thread exited.
Input System module state changed to: Shutdown.
[Licensing::IpcConnector] LicenseClient-张海桃-notifications channel disconnected successfully.
[Licensing::IpcConnector] LicenseClient-张海桃 channel disconnected successfully.
AcceleratorClientConnectionCallback - disconnected - :0
Cleanup mono
Checking for leaked weakptr:
  Found no leaked weakptrs.
[Package Manager] Server process was shutdown
##utp:{"type":"MemoryLeaks","version":2,"phase":"Immediate","time":1784431378886,"processId":17968,"allocatedMemory":10565618,"memoryLabels":[{"Default":29313},{"Permanent":15236},{"NewDelete":67803},{"Thread":4230344},{"Manager":32349},{"VertexData":200},{"Geometry":816},{"Texture":296},{"Shader":79315},{"Material":24},{"GfxDevice":56016},{"Animation":392},{"Audio":2664},{"FreeType":8},{"FontEngine":736},{"Physics":2090},{"Physics2D":16},{"Serialization":720},{"Input":14984},{"JobScheduler":33024},{"TextLib":216},{"Mono":32},{"ScriptingNativeRuntime":155060},{"BaseObject":1640624},{"Resource":1336},{"Renderer":3000},{"Transform":4685},{"File":1016},{"WebCam":616},{"Culling":32},{"Terrain":11394},{"Wind":24},{"STL":40},{"String":19063},{"DynamicArray":81196},{"HashMap":47788},{"Utility":2660278},{"Curl":2675},{"PoolAlloc":2056},{"AI":80},{"TypeTree":11341},{"ScriptManager":512},{"RuntimeInitializeOnLoadManager":64},{"SpriteAtlas":112},{"GI":7792},{"Director":8240},{"CloudService":8928},{"WebRequest":808},{"VR":47994},{"SceneManager":504},{"Video":208},{"LazyScriptCache":32},{"Camera":17},{"Secure":2377},{"SerializationCache":1576},{"APIUpdating":10320},{"Subsystems":336},{"VirtualTexturing":57888},{"StaticSafetyDebugInfo":278528},{"Analytics":384},{"Hierarchy":608},{"CoreStats":13112},{"Identifiers":12960},{"Gui":96},{"EditorUtility":81021},{"VersionControl":4},{"Undo":947},{"AssetDatabase":775748},{"EditorGi":328},{"UnityConnect":29232},{"Upm":1896},{"AssetCompliance":64},{"DrivenProperties":72},{"LocalIPC":215},{"ProfilerEditor":9746},{"CoreBusinessMetrics":2859},{"Licensing":1232},{"AssetReference":32},{"IPCStream":32}]}
